******************************************************************************
                  TI ARM Linker PC v18.12.3                    
******************************************************************************
>> Linked Tue Feb 18 23:34:39 2020

OUTPUT FILE NAME:   <gpio.out>
ENTRY POINT SYMBOL: "_c_int00"  address: 00001148


MEMORY CONFIGURATION

         name            origin    length      used     unused   attr    fill
----------------------  --------  ---------  --------  --------  ----  --------
  RAM                   00000020   ffffffe0  000019e5  ffffe5fb  RWIX


SEGMENT ALLOCATION MAP

run origin  load origin   length   init length attrs members
----------  ----------- ---------- ----------- ----- -------
00000020    00000020    000011c8   000011c8    r-x
  00000020    00000020    000011ac   000011ac    r-x .text
  000011cc    000011cc    0000001c   0000001c    r-- .const
000011e8    000011e8    00000808   00000000    rw-
  000011e8    000011e8    00000005   00000000    rw- .data
  000011f0    000011f0    00000800   00000000    rw- .stack
000019f0    000019f0    00000018   00000018    r--
  000019f0    000019f0    00000018   00000018    r-- .cinit


SECTION ALLOCATION MAP

 output                                  attributes/
section   page    origin      length       input sections
--------  ----  ----------  ----------   ----------------
.text      0    00000020    000011ac     
                  00000020    00000d68     gpio.obj (.text)
                  00000d88    000001a0     rtsv4_A_be_eabi.lib : memcpy32.asm.obj (.text)
                  00000f28    00000118     Gpio_ModuleTest.obj (.text)
                  00001040    000000a0     rtsv4_A_be_eabi.lib : copy_decompress_lzss.c.obj (.text:decompress:lzss:__TI_decompress_lzss)
                  000010e0    00000068                         : autoinit.c.obj (.text:__TI_auto_init_nobinit_nopinit:__TI_auto_init_nobinit_nopinit)
                  00001148    0000003c                         : boot_non_cortex_m.asm.obj (.text)
                  00001184    00000020                         : args_main.c.obj (.text:_args_main)
                  000011a4    00000014                         : copy_decompress_none.c.obj (.text:decompress:none:__TI_decompress_none)
                  000011b8    00000008                         : pre_init.c.obj (.text:_system_pre_init)
                  000011c0    00000008                         : exit.c.obj (.text:abort:abort)
                  000011c8    00000004                         : mpu_init.c.obj (.text:__mpu_init)

.const     0    000011cc    0000001c     
                  000011cc    0000001c     gpio_PBcfg.obj (.const:Gpio_Configuration)

.data      0    000011e8    00000005     UNINITIALIZED
                  000011e8    00000005     gpio.obj (.data)

.cinit     0    000019f0    00000018     
                  000019f0    00000008     (__TI_handler_table)
                  000019f8    00000007     (.cinit..data.load) [load image, compression = lzss]
                  000019ff    00000001     --HOLE-- [fill = 0]
                  00001a00    00000008     (__TI_cinit_table)

.init_array 
*          0    00000020    00000000     UNINITIALIZED

.stack     0    000011f0    00000800     UNINITIALIZED
                  000011f0    00000800     --HOLE--

MODULE SUMMARY

       Module                       code   ro data   rw data
       ------                       ----   -------   -------
    .\
       gpio.obj                     3432   0         5      
       Gpio_ModuleTest.obj          280    0         0      
       gpio_PBcfg.obj               0      28        0      
    +--+----------------------------+------+---------+---------+
       Total:                       3712   28        5      
                                                            
    C:\ti\ccs920\ccs\tools\compiler\ti-cgt-arm_18.12.3.LTS\lib\rtsv4_A_be_eabi.lib
       memcpy32.asm.obj             416    0         0      
       copy_decompress_lzss.c.obj   160    0         0      
       autoinit.c.obj               104    0         0      
       boot_non_cortex_m.asm.obj    60     0         0      
       args_main.c.obj              32     0         0      
       copy_decompress_none.c.obj   20     0         0      
       exit.c.obj                   8      0         0      
       pre_init.c.obj               8      0         0      
       mpu_init.c.obj               4      0         0      
    +--+----------------------------+------+---------+---------+
       Total:                       812    0         0      
                                                            
       Stack:                       0      0         2048   
       Linker Generated:            0      23        0      
    +--+----------------------------+------+---------+---------+
       Grand Total:                 4524   51        2053   


LINKER GENERATED COPY TABLES

__TI_cinit_table @ 00001a00 records: 1, size/record: 8, table size: 8
	.data: load addr=000019f8, load size=00000007 bytes, run addr=000011e8, run size=00000005 bytes, compression=lzss


LINKER GENERATED HANDLER TABLE

__TI_handler_table @ 000019f0 records: 2, size/record: 4, table size: 8
	index: 0, handler: __TI_decompress_lzss
	index: 1, handler: __TI_decompress_none


GLOBAL SYMBOLS: SORTED ALPHABETICALLY BY Name 

address   name                          
-------   ----                          
000011c0  C$$EXIT                       
000011cc  Gpio_Configuration            
00000c74  Gpio_FlipChanne               
00000020  Gpio_Init                     
00000880  Gpio_ReadChannel              
00000c84  Gpio_SetPinMode               
00000a64  Gpio_WriteChannel             
00000f28  TestCase1                     
00000fbc  TestCase2                     
000019f0  __STACK_END                   
00000800  __STACK_SIZE                  
00001a00  __TI_CINIT_Base               
00001a08  __TI_CINIT_Limit              
000019f0  __TI_Handler_Table_Base       
000019f8  __TI_Handler_Table_Limit      
000010e0  __TI_auto_init_nobinit_nopinit
00001040  __TI_decompress_lzss          
000011a4  __TI_decompress_none          
ffffffff  __TI_pprof_out_hndl           
ffffffff  __TI_prof_data_size           
ffffffff  __TI_prof_data_start          
000019f0  __TI_static_base__            
00000d88  __aeabi_memcpy                
00000d88  __aeabi_memcpy4               
00000d88  __aeabi_memcpy8               
ffffffff  __binit__                     
ffffffff  __c_args__                    
000011c8  __mpu_init                    
000011f0  __stack                       
00001184  _args_main                    
00001148  _c_int00                      
UNDEFED   _system_post_cinit            
000011b8  _system_pre_init              
000011c0  abort                         
ffffffff  binit                         
00001020  main                          
00000d88  memcpy                        


GLOBAL SYMBOLS: SORTED BY Symbol Address 

address   name                          
-------   ----                          
00000020  Gpio_Init                     
00000800  __STACK_SIZE                  
00000880  Gpio_ReadChannel              
00000a64  Gpio_WriteChannel             
00000c74  Gpio_FlipChanne               
00000c84  Gpio_SetPinMode               
00000d88  __aeabi_memcpy                
00000d88  __aeabi_memcpy4               
00000d88  __aeabi_memcpy8               
00000d88  memcpy                        
00000f28  TestCase1                     
00000fbc  TestCase2                     
00001020  main                          
00001040  __TI_decompress_lzss          
000010e0  __TI_auto_init_nobinit_nopinit
00001148  _c_int00                      
00001184  _args_main                    
000011a4  __TI_decompress_none          
000011b8  _system_pre_init              
000011c0  C$$EXIT                       
000011c0  abort                         
000011c8  __mpu_init                    
000011cc  Gpio_Configuration            
000011f0  __stack                       
000019f0  __STACK_END                   
000019f0  __TI_Handler_Table_Base       
000019f0  __TI_static_base__            
000019f8  __TI_Handler_Table_Limit      
00001a00  __TI_CINIT_Base               
00001a08  __TI_CINIT_Limit              
ffffffff  __TI_pprof_out_hndl           
ffffffff  __TI_prof_data_size           
ffffffff  __TI_prof_data_start          
ffffffff  __binit__                     
ffffffff  __c_args__                    
ffffffff  binit                         
UNDEFED   _system_post_cinit            

[37 symbols]
